// Jest Snapshot v1, https://goo.gl/fbAQLP

exports[`Index Snapshot for index page 1`] = `
Array [
  <div
    className="css-rxp1bl"
  >
    <div
      className="css-d88w17"
    >
      <div>
        <div
          className="MuiGrid-root MuiGrid-container"
        >
          <div
            className="MuiGrid-root makeStyles-flex-22 MuiGrid-item"
          >
            <span
              className="makeStyles-root-25 makeStyles-url-24"
              onClick={[Function]}
            >
              Account Manager Mapping
            </span>
            <svg
              aria-hidden={true}
              className="MuiSvgIcon-root makeStyles-separator-23"
              focusable="false"
              viewBox="0 0 40 40"
            >
              <path
                clipRule="evenodd"
                d="M25.6088 18.5057L17.3188 10.0823C16.5104 9.25901 15.1988 9.25901 14.3888 10.0823C13.5787 10.904 13.5787 12.2373 14.3888 13.059L21.2121 19.994L14.3888 26.9273C13.5787 27.7507 13.5787 29.0823 14.3888 29.9057C14.7921 30.3157 15.3238 30.5223 15.8538 30.5223C16.3838 30.5223 16.9154 30.3157 17.3188 29.9057L25.6088 21.4807C26.4204 20.6607 26.4204 19.329 25.6088 18.5057Z"
                fill="currentColor"
                fillRule="evenodd"
              />
            </svg>
          </div>
          <div
            className="MuiGrid-root makeStyles-flex-22 MuiGrid-item"
          >
            <span
              className="makeStyles-root-26"
            >
              Account Manager Detail
            </span>
          </div>
        </div>
        <div
          style={
            Object {
              "alignItems": "center",
              "display": "flex",
              "flexDirection": "row",
              "gap": 16,
            }
          }
        >
          <span
            className="css-tfsxbw"
          >
            Account Manager Detail
          </span>
          <div
            className="css-1i27l4i"
          />
        </div>
      </div>
    </div>
    <div
      className="css-1tfuha3"
    >
      <button
        className="legion-button legion-button--outline-primary legion-button--md makeStyles-button-29 css-1yvwpg6"
        color="primary"
        disabled={false}
        loading={false}
        onClick={[Function]}
        type="button"
      >
        <span
          className="legion-button__text"
        >
          <span
            className="legion-text makeStyles-label-28 css-1m6zi8k"
            height="1.4"
            size="14px"
          >
            Cancel
          </span>
        </span>
      </button>
    </div>
  </div>,
  <div
    style={
      Object {
        "paddingTop": "30vh",
        "textAlign": "center",
        "width": "100%",
      }
    }
  >
    <div
      className="MuiCircularProgress-root MuiCircularProgress-colorPrimary MuiCircularProgress-indeterminate"
      role="progressbar"
      style={
        Object {
          "color": "#DE1B1B",
          "height": 40,
          "width": 40,
        }
      }
    >
      <svg
        className="MuiCircularProgress-svg"
        viewBox="22 22 44 44"
      >
        <circle
          className="MuiCircularProgress-circle MuiCircularProgress-circleIndeterminate"
          cx={44}
          cy={44}
          fill="none"
          r={20.2}
          strokeWidth={3.6}
          style={Object {}}
        />
      </svg>
    </div>
  </div>,
]
`;
