// Jest Snapshot v1, https://goo.gl/fbAQLP

exports[`src/containers/LeadManagementSystem/Dashboard/Detail/elements/LeadsFollowUpDetail/elements/FormFollowUp/elements/Product/index render properly 1`] = `
<WithStyles(ForwardRef(Dialog))
  classes={
    Object {
      "paper": "makeStyles-dialogRoot-1",
    }
  }
  maxWidth="lg"
  open={true}
  scroll="body"
>
  <Styled(MuiBox)
    sx={
      Object {
        "textAlign": "center",
      }
    }
  >
    <Typography
      className=""
      color="general-dark"
      inline={true}
      variant="h5"
      weight="medium"
    >
      
    </Typography>
  </Styled(MuiBox)>
  <Styled(MuiBox)
    mt={4}
  >
    <WithStyles(ForwardRef(Grid))
      container={true}
      spacing={2}
    >
      <WithStyles(ForwardRef(Grid))
        item={true}
        xs={12}
      >
        <Styled(MuiBox)
          sx={
            Object {
              "display": "flex",
              "gap": 8,
            }
          }
        >
          <Typography
            className=""
            color="inherit"
            inline={false}
            variant="subtitle2"
            weight="normal"
          >
            Automatic Quote?
          </Typography>
          <Switch
            control={Object {}}
            defaultValue={false}
            name="autoQuote"
          />
        </Styled(MuiBox)>
      </WithStyles(ForwardRef(Grid))>
      <WithStyles(ForwardRef(Grid))
        item={true}
        xs={12}
      >
        <Unknown
          control={Object {}}
          name="product"
          render={[Function]}
        />
      </WithStyles(ForwardRef(Grid))>
      <WithStyles(ForwardRef(Grid))
        item={true}
        xs={12}
      >
        <TextField
          control={Object {}}
          disabled={true}
          error={false}
          helperText=""
          label="Product Line"
          maxLength={9}
          name="productLine"
          required={true}
          shouldUnregister={false}
        />
      </WithStyles(ForwardRef(Grid))>
      <WithStyles(ForwardRef(Grid))
        item={true}
        xs={12}
      >
        <TextFieldMasked
          control={Object {}}
          defaultValue=""
          error={false}
          helperText=""
          label="Net Price"
          maskType="currency"
          name="netPrice"
          onCustomChange={[Function]}
          required={true}
          shouldUnregister={false}
        />
      </WithStyles(ForwardRef(Grid))>
      <WithStyles(ForwardRef(Grid))
        item={true}
        xs={12}
      >
        <TextFieldMasked
          control={Object {}}
          defaultValue=""
          error={false}
          helperText=""
          label="Revenue"
          maskType="currency"
          name="revenue"
          onCustomChange={[Function]}
          required={true}
          shouldUnregister={false}
        />
      </WithStyles(ForwardRef(Grid))>
      <WithStyles(ForwardRef(Grid))
        item={true}
        xs={12}
      >
        <TextField
          control={Object {}}
          disabled={false}
          error={false}
          helperText=""
          label="Probability (%)"
          name="probability"
          required={true}
          shouldUnregister={false}
          type="number"
        />
      </WithStyles(ForwardRef(Grid))>
      <WithStyles(ForwardRef(Grid))
        item={true}
        xs={12}
      >
        <TextField
          control={Object {}}
          disabled={false}
          error={false}
          helperText=""
          label="Quantity"
          name="quantity"
          required={true}
          shouldUnregister={false}
          type="number"
        />
      </WithStyles(ForwardRef(Grid))>
    </WithStyles(ForwardRef(Grid))>
  </Styled(MuiBox)>
  <Styled(MuiBox)
    display="flex"
    justifyContent="center"
    mt={4}
  >
    <Button
      disabled={false}
      leftIcon={null}
      loading={false}
      ml={0}
      mr={0}
      onClick={[MockFunction]}
      rightIcon={null}
      rounded="normal"
      textTransform="uppercase"
      variant="ghost"
    >
      Cancel
    </Button>
    <Button
      disabled={false}
      leftIcon={null}
      loading={false}
      ml={16}
      mr={0}
      onClick={[Function]}
      rightIcon={null}
      rounded="normal"
      textTransform="uppercase"
      variant="filled"
    >
      
    </Button>
  </Styled(MuiBox)>
</WithStyles(ForwardRef(Dialog))>
`;
