// Jest Snapshot v1, https://goo.gl/fbAQLP

exports[`src/fragments/Detail/elements/SectionAttachment render 1`] = `
<WithStyles(ForwardRef(Grid))
  container={true}
  spacing={4}
>
  <WithStyles(ForwardRef(Grid))
    item={true}
    xs={12}
  >
    <Information
      label="Direct"
      value={
        <React.Fragment>
          <WithStyles(ForwardRef(Grid))
            alignItems="center"
            container={true}
            spacing={2}
          >
            <WithStyles(ForwardRef(Grid))
              item={true}
              xs={true}
            >
              <Attachment
                fileName="name"
                fileUrl="url.pdf"
                hidePreviewDownload={false}
                previewCentered={false}
              />
            </WithStyles(ForwardRef(Grid))>
          </WithStyles(ForwardRef(Grid))>
        </React.Fragment>
      }
      weight="normal"
    />
  </WithStyles(ForwardRef(Grid))>
  <WithStyles(ForwardRef(Grid))
    item={true}
    xs={12}
  >
    <Information
      label="Direct"
      value={
        <React.Fragment>
          <WithStyles(ForwardRef(Grid))
            alignItems="center"
            container={true}
            spacing={2}
          >
            <WithStyles(ForwardRef(Grid))
              item={true}
              xs={true}
            >
              <Attachment
                fileName="name"
                fileUrl="url.pdf"
                hidePreviewDownload={false}
                previewCentered={false}
              />
            </WithStyles(ForwardRef(Grid))>
          </WithStyles(ForwardRef(Grid))>
        </React.Fragment>
      }
      weight="normal"
    />
  </WithStyles(ForwardRef(Grid))>
  <WithStyles(ForwardRef(Grid))
    item={true}
    xs={12}
  >
    <Information
      label="Direct Btn"
      value={
        <React.Fragment>
          <WithStyles(ForwardRef(Grid))
            alignItems="center"
            container={true}
            spacing={2}
          >
            <WithStyles(ForwardRef(Grid))
              item={true}
              xs={true}
            >
              <Attachment
                fileName="name"
                fileUrl="url.pdf"
                hidePreviewDownload={false}
                previewCentered={false}
              />
            </WithStyles(ForwardRef(Grid))>
            <WithStyles(ForwardRef(Grid))
              item={true}
              xs="auto"
            >
              <Button
                disabled={false}
                leftIcon={null}
                loading={false}
                ml={0}
                mr={0}
                onClick={[Function]}
                rightIcon={null}
                rounded="normal"
                textTransform="uppercase"
                variant="filled"
              >
                btn
              </Button>
            </WithStyles(ForwardRef(Grid))>
          </WithStyles(ForwardRef(Grid))>
        </React.Fragment>
      }
      weight="normal"
    />
  </WithStyles(ForwardRef(Grid))>
  <WithStyles(ForwardRef(Grid))
    item={true}
    xs={12}
  >
    <Information
      label="array"
      value={
        <React.Fragment>
          <React.Fragment>
            <WithStyles(ForwardRef(Grid))
              alignItems="center"
              container={true}
              spacing={2}
            >
              <WithStyles(ForwardRef(Grid))
                item={true}
                xs={true}
              >
                <Attachment
                  fileName="name"
                  fileUrl="url.pdf"
                  hidePreviewDownload={false}
                  previewCentered={false}
                />
              </WithStyles(ForwardRef(Grid))>
              <WithStyles(ForwardRef(Grid))
                item={true}
                xs="auto"
              >
                <Button
                  disabled={false}
                  leftIcon={null}
                  loading={false}
                  ml={0}
                  mr={0}
                  onClick={[Function]}
                  rightIcon={null}
                  rounded="normal"
                  textTransform="uppercase"
                  variant="filled"
                >
                  btn
                </Button>
              </WithStyles(ForwardRef(Grid))>
            </WithStyles(ForwardRef(Grid))>
          </React.Fragment>
        </React.Fragment>
      }
      weight="normal"
    />
  </WithStyles(ForwardRef(Grid))>
  <WithStyles(ForwardRef(Grid))
    item={true}
    xs={12}
  >
    <Information
      label="array"
      value={
        <React.Fragment>
          <React.Fragment>
            <WithStyles(ForwardRef(Grid))
              alignItems="center"
              container={true}
              spacing={2}
            >
              <WithStyles(ForwardRef(Grid))
                item={true}
                xs={true}
              >
                <Attachment
                  fileName="name"
                  fileUrl="url.pdf"
                  hidePreviewDownload={false}
                  previewCentered={false}
                />
              </WithStyles(ForwardRef(Grid))>
              <WithStyles(ForwardRef(Grid))
                item={true}
                xs="auto"
              >
                <Button
                  disabled={false}
                  leftIcon={null}
                  loading={false}
                  ml={0}
                  mr={0}
                  onClick={[Function]}
                  rightIcon={null}
                  rounded="normal"
                  textTransform="uppercase"
                  variant="filled"
                >
                  btn
                </Button>
              </WithStyles(ForwardRef(Grid))>
            </WithStyles(ForwardRef(Grid))>
          </React.Fragment>
        </React.Fragment>
      }
      weight="normal"
    />
  </WithStyles(ForwardRef(Grid))>
</WithStyles(ForwardRef(Grid))>
`;
