// Jest Snapshot v1, https://goo.gl/fbAQLP

exports[`src/components/forms/UpdateStatus/validate render error any.required 1`] = `ShallowWrapper {}`;

exports[`src/components/forms/UpdateStatus/validate render error default 1`] = `ShallowWrapper {}`;

exports[`src/components/forms/UpdateStatus/validate render error string.max 1`] = `ShallowWrapper {}`;
