// Jest Snapshot v1, https://goo.gl/fbAQLP

exports[`src/containers/SMSA2P/NonBulk/Edit/elements/Step1 render 1`] = `
<WithStyles(ForwardRef(Grid))
  container={true}
  spacing={2}
>
  <WithStyles(ForwardRef(Grid))
    item={true}
    sm={6}
    xs={12}
  >
    <Card
      style={
        Object {
          "marginTop": 24,
        }
      }
      title="Non Bulk Form"
    >
      <WithStyles(ForwardRef(Grid))
        container={true}
        spacing={1}
      >
        <WithStyles(ForwardRef(Grid))
          item={true}
          xs={12}
        >
          <Styled(MuiBox)
            mt={1}
          >
            <TextField
              control={Object {}}
              disabled={false}
              error={false}
              helperText=""
              label="Company Name"
              maxLength={255}
              name="companyName"
              required={true}
              shouldUnregister={false}
            />
          </Styled(MuiBox)>
        </WithStyles(ForwardRef(Grid))>
        <WithStyles(ForwardRef(Grid))
          item={true}
          xs={12}
        >
          <Styled(MuiBox)
            mt={1}
          >
            <TextField
              control={Object {}}
              disabled={false}
              error={false}
              helperText=""
              label="Brands Name"
              maxLength={255}
              name="brandName"
              required={true}
              shouldUnregister={false}
            />
          </Styled(MuiBox)>
        </WithStyles(ForwardRef(Grid))>
        <WithStyles(ForwardRef(Grid))
          item={true}
          xs={12}
        >
          <Styled(MuiBox)
            mt={1}
          >
            <Select
              control={Object {}}
              error={false}
              helperText=""
              label="Industry Category"
              name="industryCategory"
              options="test"
              required={true}
              shouldUnregister={false}
            />
          </Styled(MuiBox)>
        </WithStyles(ForwardRef(Grid))>
        <WithStyles(ForwardRef(Grid))
          item={true}
          xs={12}
        >
          <Styled(MuiBox)
            mt={1}
          >
            <TextField
              control={Object {}}
              disabled={false}
              error={false}
              helperText=""
              label="Campaign Name"
              maxLength={255}
              name="campaignName"
              required={true}
              shouldUnregister={false}
            />
            <Typography
              className=""
              color="general-mid"
              inline={false}
              variant="caption"
              weight="normal"
            >
              Please make sure the campaign name on sales force id is different from the one will be inputed.
            </Typography>
          </Styled(MuiBox)>
        </WithStyles(ForwardRef(Grid))>
        <WithStyles(ForwardRef(Grid))
          item={true}
          xs={12}
        >
          <Styled(MuiBox)
            mt={1}
          >
            <Select
              control={Object {}}
              error={false}
              helperText=""
              isDisabled={true}
              label="Campaign Type"
              name="campaignType"
              options="test"
              required={true}
              shouldUnregister={false}
            />
          </Styled(MuiBox)>
        </WithStyles(ForwardRef(Grid))>
        <WithStyles(ForwardRef(Grid))
          item={true}
          xs={12}
        >
          <Styled(MuiBox)
            mt={1}
          >
            <Select
              control={Object {}}
              error={false}
              helperText=""
              isDisabled={true}
              label="Channel"
              name="channel"
              options="test"
              required={true}
              shouldUnregister={false}
            />
          </Styled(MuiBox)>
        </WithStyles(ForwardRef(Grid))>
        <WithStyles(ForwardRef(Grid))
          item={true}
          xs={12}
        >
          <Styled(MuiBox)
            mt={1}
          >
            <TextField
              control={Object {}}
              disabled={false}
              error={false}
              helperText=""
              label="Whitelist and UAT Internal"
              maxLength={255}
              name="whitelistUATInternal"
              shouldUnregister={false}
            />
            <Typography
              className=""
              color="general-mid"
              inline={false}
              variant="caption"
              weight="normal"
            >
              Maximum of 10 test numbers and separators using commas.
            </Typography>
          </Styled(MuiBox)>
        </WithStyles(ForwardRef(Grid))>
        <WithStyles(ForwardRef(Grid))
          item={true}
          xs={12}
        >
          <Styled(MuiBox)
            mt={1}
          >
            <TextField
              control={Object {}}
              disabled={false}
              error={false}
              helperText=""
              label="Whitelist and UAT External"
              maxLength={255}
              name="whitelistUATExternal"
              shouldUnregister={false}
            />
            <Typography
              className=""
              color="general-mid"
              inline={false}
              variant="caption"
              weight="normal"
            >
              Maximum of 10 test numbers and separators using commas.
            </Typography>
          </Styled(MuiBox)>
        </WithStyles(ForwardRef(Grid))>
      </WithStyles(ForwardRef(Grid))>
    </Card>
  </WithStyles(ForwardRef(Grid))>
</WithStyles(ForwardRef(Grid))>
`;
