// Jest Snapshot v1, https://goo.gl/fbAQLP

exports[`src/pages/ContentManagement/InterestedList/List/FormDownload run properly 1 1`] = `
<WithStyles(Component)
  maxWidth="xs"
  onClose={[MockFunction]}
  open={false}
>
  <form>
    <WithStyles(ForwardRef(Grid))
      container={true}
      spacing={2}
      style={
        Object {
          "padding": "16px 24px",
        }
      }
    >
      <WithStyles(ForwardRef(Grid))
        align="center"
        item={true}
        xs={12}
      >
        <Typography
          className=""
          color="inherit"
          inline={false}
          variant="h5"
          weight="medium"
        >
          Type Your Email
        </Typography>
      </WithStyles(ForwardRef(Grid))>
      <WithStyles(ForwardRef(Grid))
        align="center"
        item={true}
        style={
          Object {
            "margin": "auto",
            "maxWidth": "60%",
            "paddingTop": "0",
          }
        }
        xs={12}
      >
        <Typography
          className=""
          color="general-mid"
          inline={false}
          variant="caption"
          weight="normal"
        >
          Before you download the data, please provide your email below
        </Typography>
      </WithStyles(ForwardRef(Grid))>
      <WithStyles(ForwardRef(Grid))
        item={true}
        xs={12}
      >
        <TextField
          control={Object {}}
          disabled={false}
          error={false}
          helperText=""
          label="Email"
          maxLength={40}
          minRows={1}
          multiline={true}
          name="email"
          required={true}
          shouldUnregister={false}
        />
      </WithStyles(ForwardRef(Grid))>
      <WithStyles(ForwardRef(Grid))
        align="center"
        style={
          Object {
            "display": "flex",
            "justifyContent": "center",
            "marginTop": 10,
            "width": "100%",
          }
        }
      >
        <Button
          disabled={false}
          leftIcon={null}
          loading={false}
          ml={0}
          mr={0}
          onClick={[MockFunction]}
          rightIcon={null}
          rounded="normal"
          textTransform="uppercase"
          variant="ghost"
        >
          CANCEL
        </Button>
          
        <Button
          disabled={true}
          leftIcon={null}
          loading={false}
          ml={0}
          mr={0}
          onClick={[Function]}
          rightIcon={null}
          rounded="normal"
          textTransform="uppercase"
          type="submit"
          variant="filled"
        >
          SUBMIT
        </Button>
      </WithStyles(ForwardRef(Grid))>
    </WithStyles(ForwardRef(Grid))>
  </form>
</WithStyles(Component)>
`;

exports[`src/pages/ContentManagement/InterestedList/List/FormDownload run properly 2 1`] = `
<WithStyles(Component)
  maxWidth="xs"
  onClose={[MockFunction]}
  open={false}
>
  <form>
    <WithStyles(ForwardRef(Grid))
      container={true}
      spacing={2}
      style={
        Object {
          "padding": "16px 24px",
        }
      }
    >
      <WithStyles(ForwardRef(Grid))
        align="center"
        item={true}
        xs={12}
      >
        <Typography
          className=""
          color="inherit"
          inline={false}
          variant="h5"
          weight="medium"
        >
          Type Your Email
        </Typography>
      </WithStyles(ForwardRef(Grid))>
      <WithStyles(ForwardRef(Grid))
        align="center"
        item={true}
        style={
          Object {
            "margin": "auto",
            "maxWidth": "60%",
            "paddingTop": "0",
          }
        }
        xs={12}
      >
        <Typography
          className=""
          color="general-mid"
          inline={false}
          variant="caption"
          weight="normal"
        >
          Before you download the data, please provide your email below
        </Typography>
      </WithStyles(ForwardRef(Grid))>
      <WithStyles(ForwardRef(Grid))
        item={true}
        xs={12}
      >
        <TextField
          control={Object {}}
          disabled={false}
          error={false}
          helperText=""
          label="Email"
          maxLength={40}
          minRows={1}
          multiline={true}
          name="email"
          required={true}
          shouldUnregister={false}
        />
      </WithStyles(ForwardRef(Grid))>
      <WithStyles(ForwardRef(Grid))
        align="center"
        style={
          Object {
            "display": "flex",
            "justifyContent": "center",
            "marginTop": 10,
            "width": "100%",
          }
        }
      >
        <Button
          disabled={false}
          leftIcon={null}
          loading={false}
          ml={0}
          mr={0}
          onClick={[MockFunction]}
          rightIcon={null}
          rounded="normal"
          textTransform="uppercase"
          variant="ghost"
        >
          CANCEL
        </Button>
          
        <Button
          disabled={true}
          leftIcon={null}
          loading={false}
          ml={0}
          mr={0}
          onClick={[Function]}
          rightIcon={null}
          rounded="normal"
          textTransform="uppercase"
          type="submit"
          variant="filled"
        >
          SUBMIT
        </Button>
      </WithStyles(ForwardRef(Grid))>
    </WithStyles(ForwardRef(Grid))>
  </form>
</WithStyles(Component)>
`;
